­ƒÜÇ INICIANDO TESTES ANTIGRAVITY V3.0 (Beam Search + Tiger Roar)

­ƒö© TESTE 1: Loja 178 (Pequena)
   Score Inicial: 38
   Score V3.0: 57 (Tempo: 24ms)
node : 
No linha:1 caractere:1
+ node src/lib/thermalBalance.test.js > 
test_output.txt 2>&1
+ ~~~~~~~~~~~~~~~~~~~~~~~~~~~~~~~~~~~~~~
~~~~~~~~~~~~~~~~~~~~
    + CategoryInfo          : NotSpecif 
   ied: (:String) [], RemoteException
    + FullyQualifiedErrorId : NativeCom 
   mandError
 
ÔØî ERRO FATAL: Falha: Score 57 < 
Target 88
